<h1>My Blog!</h1><p>Hello, World!</p><h2>Source Code</h2><p>Please visit <a href="https://github.com">GitHub</a> to see
the <b>source</b> <b>code</b> for this project.</p><ol><li>This is the first item.</li><li>This is the second item.</li><li>This is the third item.</li><li><p>This is the <i>last</i> item, first paragraph.</p><p>This is another paragraph within an item.</p><blockquote>No way!</blockquote></li></ol><blockquote><ul><li>Left {word}</li><li>Right {word}</li><li>Another word</li></ul><p>Cool!</p></blockquote><blockquote>This is one paragraph.</blockquote><blockquote><p>This is <i>the</i> first paragraph.</p><p>This is <i>the</i> second paragraph.</p></blockquote><hr /><h2>Do you know?</h2><p>Do you know that 2 &gt; 1?</p><p><code>This paragraph is entirely in monospaced.</code></p><p>See the lovely <u>image</u> below.</p><img src="images/hello.png" alt="hello image" />